Performing system checks...

May 14, 2016 - 08:13:37
Django version 1.9.6, using settings 'air_conditioner.settings'
Starting development server at http://0.0.0.0:8000/
Quit the server with CONTROL-C.
